Java HotSpot(TM) 64-Bit Server VM (25.241-b07) for windows-amd64 JRE (1.8.0_241-b07), built on Dec 11 2019 10:21:40 by "rejava" with MS VC++ 10.0 (VS2010)
Memory: 4k page, physical 16681188k(5564112k free), swap 20892720k(2408684k free)
CommandLine flags: -XX:+HeapDumpOnOutOfMemoryError -XX:HeapDumpPath=E:\Projects\java\learn -XX:InitialHeapSize=41943040 -XX:MaxHeapSize=41943040 -XX:+PrintGC -XX:+PrintGCDetails -XX:+PrintGCTimeStamps -XX:+UseCompressedClassPointers -XX:+UseCompressedOops -XX:-UseLargePagesIndividualAllocation -XX:+UseParallelGC 
0.285: [GC (Allocation Failure) [PSYoungGen: 10055K->1336K(11776K)] 10055K->3454K(39424K), 0.0057260 secs] [Times: user=0.03 sys=0.00, real=0.00 secs] 
0.308: [GC (Allocation Failure) [PSYoungGen: 9445K->984K(11776K)] 29369K->20915K(39424K), 0.0050280 secs] [Times: user=0.00 sys=0.00, real=0.00 secs] 
0.313: [GC (Allocation Failure) [PSYoungGen: 984K->1016K(11776K)] 20915K->20947K(39424K), 0.0044935 secs] [Times: user=0.00 sys=0.00, real=0.00 secs] 
0.317: [Full GC (Allocation Failure) [PSYoungGen: 1016K->0K(11776K)] [ParOldGen: 19931K->11606K(27648K)] 20947K->11606K(39424K), [Metaspace: 3301K->3301K(1056768K)], 0.0736255 secs] [Times: user=0.14 sys=0.00, real=0.07 secs] 
0.401: [Full GC (Ergonomics) [PSYoungGen: 204K->0K(11776K)] [ParOldGen: 27631K->16944K(27648K)] 27835K->16944K(39424K), [Metaspace: 3302K->3302K(1056768K)], 0.0665903 secs] [Times: user=0.08 sys=0.01, real=0.07 secs] 
0.468: [GC (Allocation Failure) [PSYoungGen: 0K->0K(11776K)] 16944K->16944K(39424K), 0.0002550 secs] [Times: user=0.00 sys=0.00, real=0.00 secs] 
0.468: [Full GC (Allocation Failure) [PSYoungGen: 0K->0K(11776K)] [ParOldGen: 16944K->16926K(27648K)] 16944K->16926K(39424K), [Metaspace: 3302K->3302K(1056768K)], 0.0637304 secs] [Times: user=0.19 sys=0.00, real=0.06 secs] 
Heap
 PSYoungGen      total 11776K, used 404K [0x00000000ff300000, 0x0000000100000000, 0x0000000100000000)
  eden space 10240K, 3% used [0x00000000ff300000,0x00000000ff365210,0x00000000ffd00000)
  from space 1536K, 0% used [0x00000000ffe80000,0x00000000ffe80000,0x0000000100000000)
  to   space 1536K, 0% used [0x00000000ffd00000,0x00000000ffd00000,0x00000000ffe80000)
 ParOldGen       total 27648K, used 16926K [0x00000000fd800000, 0x00000000ff300000, 0x00000000ff300000)
  object space 27648K, 61% used [0x00000000fd800000,0x00000000fe887a90,0x00000000ff300000)
 Metaspace       used 3333K, capacity 4496K, committed 4864K, reserved 1056768K
  class space    used 359K, capacity 388K, committed 512K, reserved 1048576K
